// Bun Snapshot v1, https://bun.sh/docs/test/snapshots

exports[`writeMediaRenderPage writes a rendered media template under _media and returns its URL path 1`] = `
{
  "children": [
    {
      "name": "html",
      "publicId": "",
      "systemId": "",
      "type": "doctype",
    },
    {
      "attributes": [
        [
          "class",
          "h-full",
        ],
        [
          "data-theme",
          "dark",
        ],
        [
          "lang",
          "en",
        ],
      ],
      "children": [
        {
          "attributes": [],
          "children": [
            {
              "type": "text",
              "value": 
"
    "
,
            },
            {
              "attributes": [
                [
                  "charset",
                  "UTF-8",
                ],
              ],
              "children": [],
              "name": "meta",
              "namespace": "http://www.w3.org/1999/xhtml",
              "type": "element",
            },
            {
              "type": "text",
              "value": 
"
    "
,
            },
            {
              "attributes": [
                [
                  "content",
                  "width=device-width, initial-scale=1.0",
                ],
                [
                  "name",
                  "viewport",
                ],
              ],
              "children": [],
              "name": "meta",
              "namespace": "http://www.w3.org/1999/xhtml",
              "type": "element",
            },
            {
              "type": "text",
              "value": 
"
    "
,
            },
            {
              "attributes": [
                [
                  "href",
                  "/favicon.svg",
                ],
                [
                  "rel",
                  "icon",
                ],
                [
                  "type",
                  "image/svg+xml",
                ],
              ],
              "children": [],
              "name": "link",
              "namespace": "http://www.w3.org/1999/xhtml",
              "type": "element",
            },
            {
              "type": "text",
              "value": 
"
    "
,
            },
            {
              "attributes": [
                [
                  "href",
                  "/favicon.png",
                ],
                [
                  "rel",
                  "icon",
                ],
                [
                  "type",
                  "image/png",
                ],
              ],
              "children": [],
              "name": "link",
              "namespace": "http://www.w3.org/1999/xhtml",
              "type": "element",
            },
            {
              "type": "text",
              "value": 
"
    "
,
            },
            {
              "attributes": [
                [
                  "href",
                  "/styles/main.css",
                ],
                [
                  "rel",
                  "stylesheet",
                ],
              ],
              "children": [],
              "name": "link",
              "namespace": "http://www.w3.org/1999/xhtml",
              "type": "element",
            },
            {
              "type": "text",
              "value": 
"
    "
,
            },
            {
              "attributes": [
                [
                  "content",
                  "IE=edge",
                ],
                [
                  "http-equiv",
                  "X-UA-Compatible",
                ],
              ],
              "children": [],
              "name": "meta",
              "namespace": "http://www.w3.org/1999/xhtml",
              "type": "element",
            },
            {
              "type": "text",
              "value": 
"
    "
,
            },
            {
              "attributes": [],
              "children": [
                {
                  "type": "text",
                  "value": "Test Site",
                },
              ],
              "name": "title",
              "namespace": "http://www.w3.org/1999/xhtml",
              "type": "element",
            },
            {
              "type": "text",
              "value": 
"
    "
,
            },
            {
              "attributes": [
                [
                  "content",
                  "Test Site",
                ],
                [
                  "property",
                  "og:title",
                ],
              ],
              "children": [],
              "name": "meta",
              "namespace": "http://www.w3.org/1999/xhtml",
              "type": "element",
            },
            {
              "type": "text",
              "value": 
"
    "
,
            },
            {
              "attributes": [
                [
                  "content",
                  "website",
                ],
                [
                  "property",
                  "og:type",
                ],
              ],
              "children": [],
              "name": "meta",
              "namespace": "http://www.w3.org/1999/xhtml",
              "type": "element",
            },
            {
              "type": "text",
              "value": 
"
    "
,
            },
            {
              "attributes": [
                [
                  "content",
                  "summary_large_image",
                ],
                [
                  "name",
                  "twitter:card",
                ],
              ],
              "children": [],
              "name": "meta",
              "namespace": "http://www.w3.org/1999/xhtml",
              "type": "element",
            },
            {
              "type": "text",
              "value": 
"
    "
,
            },
            {
              "attributes": [
                [
                  "content",
                  "Test Site",
                ],
                [
                  "name",
                  "twitter:title",
                ],
              ],
              "children": [],
              "name": "meta",
              "namespace": "http://www.w3.org/1999/xhtml",
              "type": "element",
            },
            {
              "type": "text",
              "value": 
"
    "
,
            },
            {
              "attributes": [
                [
                  "content",
                  "noindex,nofollow",
                ],
                [
                  "name",
                  "robots",
                ],
              ],
              "children": [],
              "name": "meta",
              "namespace": "http://www.w3.org/1999/xhtml",
              "type": "element",
            },
            {
              "type": "text",
              "value": 
"
    
    "
,
            },
            {
              "attributes": [],
              "children": [
                {
                  "type": "text",
                  "value": 
"
      (function() {
        // Theme handling
        const stored = localStorage.getItem('theme');
        const theme = stored || 'dark';
        document.documentElement.setAttribute('data-theme', theme);

        window.toggleTheme = function() {
          const current = document.documentElement.getAttribute('data-theme');
          const next = current === 'dark' ? 'light' : 'dark';
          document.documentElement.setAttribute('data-theme', next);
          localStorage.setItem('theme', next);
        };

        // Mobile menu handling
        window.toggleMobileMenu = function() {
          const menu = document.getElementById('mobile-menu');
          const button = document.getElementById('mobile-menu-button');
          if (!menu || !button) return;

          const isOpen = !menu.classList.contains('max-h-0');
          const willOpen = !isOpen;

          // Toggle height and opacity classes
          menu.classList.toggle('max-h-0');
          menu.classList.toggle('max-h-screen');
          menu.classList.toggle('opacity-0');
          menu.classList.toggle('opacity-100');

          button.setAttribute('aria-expanded', String(willOpen));

          // Toggle icon visibility
          const menuIcon = button.querySelector('.menu-icon');
          const closeIcon = button.querySelector('.close-icon');
          if (menuIcon && closeIcon) {
            menuIcon.classList.toggle('hidden');
            closeIcon.classList.toggle('hidden');
          }

          if (willOpen) {
            // Focus first link when menu opens
            const firstLink = menu.querySelector('a');
            if (firstLink) {
              setTimeout(function() { firstLink.focus(); }, 100);
            }
            // Add keyboard listeners
            document.addEventListener('keydown', window.handleMobileMenuKeydown);
          } else {
            // Return focus to button when menu closes
            button.focus();
            // Remove keyboard listeners
            document.removeEventListener('keydown', window.handleMobileMenuKeydown);
          }
        };

        // Close mobile menu (for link clicks)
        window.closeMobileMenu = function() {
          const menu = document.getElementById('mobile-menu');
          if (menu && !menu.classList.contains('max-h-0')) {
            window.toggleMobileMenu();
          }
        };

        // Handle keyboard events for mobile menu
        window.handleMobileMenuKeydown = function(e) {
          const menu = document.getElementById('mobile-menu');
          const button = document.getElementById('mobile-menu-button');
          if (!menu || !button) return;

          // Close on Escape
          if (e.key === 'Escape') {
            window.closeMobileMenu();
            return;
          }

          // Focus trap on Tab
          if (e.key === 'Tab') {
            const focusableElements = menu.querySelectorAll('a, button');
            if (focusableElements.length === 0) return;

            const firstElement = focusableElements[0];
            const lastElement = focusableElements[focusableElements.length - 1];

            if (e.shiftKey) {
              // Shift+Tab: wrap from first to last (or button)
              if (document.activeElement === firstElement || document.activeElement === button) {
                e.preventDefault();
                lastElement.focus();
              }
            } else {
              // Tab: wrap from last to button
              if (document.activeElement === lastElement) {
                e.preventDefault();
                button.focus();
              }
            }
          }
        };
      })();
    "
,
                },
              ],
              "name": "script",
              "namespace": "http://www.w3.org/1999/xhtml",
              "type": "element",
            },
            {
              "type": "text",
              "value": 
"
"
,
            },
          ],
          "name": "head",
          "namespace": "http://www.w3.org/1999/xhtml",
          "type": "element",
        },
        {
          "type": "text",
          "value": 
"
"
,
        },
        {
          "attributes": [
            [
              "class",
              "h-full font-sans",
            ],
          ],
          "children": [
            {
              "type": "text",
              "value": 
"
  "
,
            },
            {
              "attributes": [
                [
                  "class",
                  "min-h-screen",
                ],
                [
                  "id",
                  "root",
                ],
              ],
              "children": [
                {
                  "type": "text",
                  "value": 
"
    "
,
                },
                {
                  "attributes": [
                    [
                      "class",
                      "carousel-slide",
                    ],
                  ],
                  "children": [
                    {
                      "type": "text",
                      "value": "Carousel",
                    },
                  ],
                  "name": "article",
                  "namespace": "http://www.w3.org/1999/xhtml",
                  "type": "element",
                },
                {
                  "type": "text",
                  "value": 
"
  "
,
                },
              ],
              "name": "div",
              "namespace": "http://www.w3.org/1999/xhtml",
              "type": "element",
            },
            {
              "type": "text",
              "value": 
"

"
,
            },
          ],
          "name": "body",
          "namespace": "http://www.w3.org/1999/xhtml",
          "type": "element",
        },
      ],
      "name": "html",
      "namespace": "http://www.w3.org/1999/xhtml",
      "type": "element",
    },
  ],
  "type": "document",
}
`;
