// Bun Snapshot v1, https://bun.sh/docs/test/snapshots

exports[`Blog printable attachment provider resolves a blog post into a printable PDF attachment 1`] = `
{
  "children": [
    {
      "name": "html",
      "publicId": "",
      "systemId": "",
      "type": "doctype",
    },
    {
      "attributes": [
        [
          "class",
          "h-full",
        ],
        [
          "data-theme",
          "light",
        ],
        [
          "lang",
          "en",
        ],
      ],
      "children": [
        {
          "attributes": [],
          "children": [
            {
              "type": "text",
              "value": 
"
    "
,
            },
            {
              "attributes": [
                [
                  "charset",
                  "UTF-8",
                ],
              ],
              "children": [],
              "name": "meta",
              "namespace": "http://www.w3.org/1999/xhtml",
              "type": "element",
            },
            {
              "type": "text",
              "value": 
"
    "
,
            },
            {
              "attributes": [
                [
                  "content",
                  "width=device-width, initial-scale=1.0",
                ],
                [
                  "name",
                  "viewport",
                ],
              ],
              "children": [],
              "name": "meta",
              "namespace": "http://www.w3.org/1999/xhtml",
              "type": "element",
            },
            {
              "type": "text",
              "value": 
"
    "
,
            },
            {
              "attributes": [
                [
                  "href",
                  "/favicon.svg",
                ],
                [
                  "rel",
                  "icon",
                ],
                [
                  "type",
                  "image/svg+xml",
                ],
              ],
              "children": [],
              "name": "link",
              "namespace": "http://www.w3.org/1999/xhtml",
              "type": "element",
            },
            {
              "type": "text",
              "value": 
"
    "
,
            },
            {
              "attributes": [
                [
                  "href",
                  "/favicon.png",
                ],
                [
                  "rel",
                  "icon",
                ],
                [
                  "type",
                  "image/png",
                ],
              ],
              "children": [],
              "name": "link",
              "namespace": "http://www.w3.org/1999/xhtml",
              "type": "element",
            },
            {
              "type": "text",
              "value": 
"
    "
,
            },
            {
              "attributes": [
                [
                  "href",
                  "/styles/main.css",
                ],
                [
                  "rel",
                  "stylesheet",
                ],
              ],
              "children": [],
              "name": "link",
              "namespace": "http://www.w3.org/1999/xhtml",
              "type": "element",
            },
            {
              "type": "text",
              "value": 
"
    "
,
            },
            {
              "attributes": [
                [
                  "content",
                  "IE=edge",
                ],
                [
                  "http-equiv",
                  "X-UA-Compatible",
                ],
              ],
              "children": [],
              "name": "meta",
              "namespace": "http://www.w3.org/1999/xhtml",
              "type": "element",
            },
            {
              "type": "text",
              "value": 
"
    "
,
            },
            {
              "attributes": [],
              "children": [
                {
                  "type": "text",
                  "value": "Resilience Is Not Redundancy",
                },
              ],
              "name": "title",
              "namespace": "http://www.w3.org/1999/xhtml",
              "type": "element",
            },
            {
              "type": "text",
              "value": 
"
    "
,
            },
            {
              "attributes": [
                [
                  "content",
                  "Resilience Is Not Redundancy",
                ],
                [
                  "property",
                  "og:title",
                ],
              ],
              "children": [],
              "name": "meta",
              "namespace": "http://www.w3.org/1999/xhtml",
              "type": "element",
            },
            {
              "type": "text",
              "value": 
"
    "
,
            },
            {
              "attributes": [
                [
                  "content",
                  "website",
                ],
                [
                  "property",
                  "og:type",
                ],
              ],
              "children": [],
              "name": "meta",
              "namespace": "http://www.w3.org/1999/xhtml",
              "type": "element",
            },
            {
              "type": "text",
              "value": 
"
    "
,
            },
            {
              "attributes": [
                [
                  "content",
                  "summary_large_image",
                ],
                [
                  "name",
                  "twitter:card",
                ],
              ],
              "children": [],
              "name": "meta",
              "namespace": "http://www.w3.org/1999/xhtml",
              "type": "element",
            },
            {
              "type": "text",
              "value": 
"
    "
,
            },
            {
              "attributes": [
                [
                  "content",
                  "Resilience Is Not Redundancy",
                ],
                [
                  "name",
                  "twitter:title",
                ],
              ],
              "children": [],
              "name": "meta",
              "namespace": "http://www.w3.org/1999/xhtml",
              "type": "element",
            },
            {
              "type": "text",
              "value": 
"
    "
,
            },
            {
              "attributes": [
                [
                  "content",
                  "noindex,nofollow",
                ],
                [
                  "name",
                  "robots",
                ],
              ],
              "children": [],
              "name": "meta",
              "namespace": "http://www.w3.org/1999/xhtml",
              "type": "element",
            },
            {
              "type": "text",
              "value": 
"
    
    "
,
            },
            {
              "attributes": [],
              "children": [
                {
                  "type": "text",
                  "value": 
"
      (function() {
        // Theme handling
        const stored = localStorage.getItem('theme');
        const theme = stored || 'light';
        document.documentElement.setAttribute('data-theme', theme);

        window.toggleTheme = function() {
          const current = document.documentElement.getAttribute('data-theme');
          const next = current === 'dark' ? 'light' : 'dark';
          document.documentElement.setAttribute('data-theme', next);
          localStorage.setItem('theme', next);
        };

        // Mobile menu handling
        window.toggleMobileMenu = function() {
          const menu = document.getElementById('mobile-menu');
          const button = document.getElementById('mobile-menu-button');
          if (!menu || !button) return;

          const isOpen = !menu.classList.contains('max-h-0');
          const willOpen = !isOpen;

          // Toggle height and opacity classes
          menu.classList.toggle('max-h-0');
          menu.classList.toggle('max-h-screen');
          menu.classList.toggle('opacity-0');
          menu.classList.toggle('opacity-100');

          button.setAttribute('aria-expanded', String(willOpen));

          // Toggle icon visibility
          const menuIcon = button.querySelector('.menu-icon');
          const closeIcon = button.querySelector('.close-icon');
          if (menuIcon && closeIcon) {
            menuIcon.classList.toggle('hidden');
            closeIcon.classList.toggle('hidden');
          }

          if (willOpen) {
            // Focus first link when menu opens
            const firstLink = menu.querySelector('a');
            if (firstLink) {
              setTimeout(function() { firstLink.focus(); }, 100);
            }
            // Add keyboard listeners
            document.addEventListener('keydown', window.handleMobileMenuKeydown);
          } else {
            // Return focus to button when menu closes
            button.focus();
            // Remove keyboard listeners
            document.removeEventListener('keydown', window.handleMobileMenuKeydown);
          }
        };

        // Close mobile menu (for link clicks)
        window.closeMobileMenu = function() {
          const menu = document.getElementById('mobile-menu');
          if (menu && !menu.classList.contains('max-h-0')) {
            window.toggleMobileMenu();
          }
        };

        // Handle keyboard events for mobile menu
        window.handleMobileMenuKeydown = function(e) {
          const menu = document.getElementById('mobile-menu');
          const button = document.getElementById('mobile-menu-button');
          if (!menu || !button) return;

          // Close on Escape
          if (e.key === 'Escape') {
            window.closeMobileMenu();
            return;
          }

          // Focus trap on Tab
          if (e.key === 'Tab') {
            const focusableElements = menu.querySelectorAll('a, button');
            if (focusableElements.length === 0) return;

            const firstElement = focusableElements[0];
            const lastElement = focusableElements[focusableElements.length - 1];

            if (e.shiftKey) {
              // Shift+Tab: wrap from first to last (or button)
              if (document.activeElement === firstElement || document.activeElement === button) {
                e.preventDefault();
                lastElement.focus();
              }
            } else {
              // Tab: wrap from last to button
              if (document.activeElement === lastElement) {
                e.preventDefault();
                button.focus();
              }
            }
          }
        };
      })();
    "
,
                },
              ],
              "name": "script",
              "namespace": "http://www.w3.org/1999/xhtml",
              "type": "element",
            },
            {
              "type": "text",
              "value": 
"
"
,
            },
          ],
          "name": "head",
          "namespace": "http://www.w3.org/1999/xhtml",
          "type": "element",
        },
        {
          "type": "text",
          "value": 
"
"
,
        },
        {
          "attributes": [
            [
              "class",
              "h-full font-sans",
            ],
          ],
          "children": [
            {
              "type": "text",
              "value": 
"
  "
,
            },
            {
              "attributes": [
                [
                  "class",
                  "min-h-screen",
                ],
                [
                  "id",
                  "root",
                ],
              ],
              "children": [
                {
                  "type": "text",
                  "value": 
"
    "
,
                },
                {
                  "attributes": [
                    [
                      "class",
                      "printable-document printable-blog-post",
                    ],
                  ],
                  "children": [
                    {
                      "attributes": [],
                      "children": [
                        {
                          "type": "text",
                          "value": 
"
            @import url("https://fonts.googleapis.com/css2?family=Fraunces:ital,opsz,wght@0,9..144,400;0,9..144,550;0,9..144,650;1,9..144,400&family=IBM+Plex+Sans:wght@400;450;500&family=JetBrains+Mono:wght@400;500&display=swap");
            @page { size: A4; margin: 0; }
            html, body { margin: 0; padding: 0; background: #efe7d8; }
            body { color: #17140f; font-family: var(--font-sans, "IBM Plex Sans", ui-sans-serif, system-ui, sans-serif); }
            .printable-document {
              box-sizing: border-box;
              min-height: 297mm;
              padding: 24mm 22mm 20mm;
              background:
                radial-gradient(circle at 88% 12%, rgba(196, 84, 30, 0.14), transparent 26%),
                #f8f1e7;
            }
            .printable-hero {
              position: relative;
              display: grid;
              grid-template-columns: 46mm 1fr;
              gap: 12mm;
              padding-bottom: 18mm;
              border-bottom: 1.5px solid rgba(23, 20, 15, 0.22);
            }
            .printable-hero::before {
              content: "";
              position: absolute;
              left: 46mm;
              top: -6mm;
              bottom: 13mm;
              width: 1px;
              background: linear-gradient(#b94e23, rgba(185, 78, 35, 0));
            }
            .printable-masthead {
              display: flex;
              flex-direction: column;
              justify-content: space-between;
              min-height: 62mm;
            }
            .printable-kicker {
              margin: 0;
              color: #8f3f1f;
              font: 500 10px/1.35 var(--font-mono, "JetBrains Mono", ui-monospace, monospace);
              letter-spacing: 0.16em;
              text-transform: uppercase;
              overflow-wrap: anywhere;
            }
            .printable-title {
              margin: 0;
              color: #11100d;
              font-family: var(--font-heading, "Fraunces", Georgia, serif);
              font-size: 52px;
              font-weight: 650;
              line-height: 0.94;
              letter-spacing: -0.045em;
              text-wrap: balance;
              font-variation-settings: "opsz" 100, "SOFT" 20;
            }
            .printable-excerpt {
              max-width: 118mm;
              margin: 9mm 0 0;
              color: #4d4439;
              font-family: var(--font-heading, "Fraunces", Georgia, serif);
              font-size: 19px;
              font-style: italic;
              line-height: 1.38;
              text-wrap: pretty;
            }
            .printable-meta {
              display: flex;
              flex-wrap: wrap;
              gap: 6px 16px;
              margin: 8mm 0 0;
              color: #706457;
              font: 500 11px/1.4 var(--font-mono, "JetBrains Mono", ui-monospace, monospace);
              letter-spacing: 0.03em;
              text-transform: uppercase;
            }
            .printable-meta span { position: relative; }
            .printable-meta span + span::before {
              content: "";
              position: absolute;
              left: -9px;
              top: 0.48em;
              width: 3px;
              height: 3px;
              border-radius: 999px;
              background: #b94e23;
            }
            .printable-cover-wrap {
              margin: 12mm 0 0;
              padding: 4mm;
              background: #fffaf2;
              border: 1px solid rgba(23, 20, 15, 0.12);
              box-shadow: 0 14px 35px rgba(49, 35, 18, 0.12);
            }
            .printable-cover {
              display: block;
              width: 100%;
              max-height: 76mm;
              object-fit: cover;
              filter: saturate(0.92) contrast(1.04);
            }
            .printable-body {
              position: relative;
              margin-top: 15mm;
              padding-left: 14mm;
              font-size: 14.8px;
              line-height: 1.72;
              color: #25211c;
            }
            .printable-body::before {
              content: "";
              position: absolute;
              left: 0;
              top: 0;
              bottom: 0;
              width: 2px;
              background: linear-gradient(#b94e23, rgba(185, 78, 35, 0.08));
            }
            .printable-body h1, .printable-body h2, .printable-body h3 {
              color: #15120e;
              font-family: var(--font-heading, "Fraunces", Georgia, serif);
              font-weight: 600;
              line-height: 1.08;
              letter-spacing: -0.026em;
              page-break-after: avoid;
              text-wrap: balance;
            }
            .printable-body h1 { margin: 0 0 10mm; font-size: 32px; }
            .printable-body h2 { margin: 13mm 0 4mm; font-size: 26px; }
            .printable-body h3 { margin: 9mm 0 3mm; font-size: 19px; }
            .printable-body p { margin: 0 0 4.3mm; }
            .printable-body p:first-child::first-letter {
              float: left;
              padding: 4px 8px 0 0;
              color: #8f3f1f;
              font-family: var(--font-heading, "Fraunces", Georgia, serif);
              font-size: 58px;
              line-height: 0.82;
              font-weight: 650;
            }
            .printable-body a { color: #8f3f1f; text-decoration-color: rgba(143, 63, 31, 0.35); }
            .printable-body blockquote {
              margin: 9mm 0;
              padding: 6mm 8mm;
              background: rgba(255, 250, 242, 0.82);
              border-left: 4px solid #b94e23;
              color: #3f342b;
              font-family: var(--font-heading, "Fraunces", Georgia, serif);
              font-style: italic;
              font-size: 17px;
              line-height: 1.48;
              box-shadow: inset 0 0 0 1px rgba(23, 20, 15, 0.08);
            }
            .printable-body ul, .printable-body ol { margin: 4mm 0 6mm; padding-left: 18px; }
            .printable-body li { margin-bottom: 2.4mm; }
            .printable-body code {
              padding: 1px 4px;
              border-radius: 4px;
              background: rgba(143, 63, 31, 0.09);
              font-family: var(--font-mono, "JetBrains Mono", ui-monospace, monospace);
              font-size: 0.88em;
            }
            .printable-body img { max-width: 100%; border-radius: 2px; }
            .printable-footer {
              display: flex;
              justify-content: space-between;
              gap: 10mm;
              margin-top: 16mm;
              padding-top: 5mm;
              border-top: 1px solid rgba(23, 20, 15, 0.18);
              color: #706457;
              font: 10px/1.5 var(--font-mono, "JetBrains Mono", ui-monospace, monospace);
              letter-spacing: 0.02em;
            }
            .printable-footer a { color: inherit; text-decoration: none; overflow-wrap: anywhere; }
          "
,
                        },
                      ],
                      "name": "style",
                      "namespace": "http://www.w3.org/1999/xhtml",
                      "type": "element",
                    },
                    {
                      "attributes": [
                        [
                          "class",
                          "printable-hero",
                        ],
                      ],
                      "children": [
                        {
                          "attributes": [
                            [
                              "class",
                              "printable-masthead",
                            ],
                          ],
                          "children": [
                            {
                              "attributes": [
                                [
                                  "class",
                                  "printable-kicker",
                                ],
                              ],
                              "children": [
                                {
                                  "type": "text",
                                  "value": "example.com",
                                },
                              ],
                              "name": "p",
                              "namespace": "http://www.w3.org/1999/xhtml",
                              "type": "element",
                            },
                          ],
                          "name": "div",
                          "namespace": "http://www.w3.org/1999/xhtml",
                          "type": "element",
                        },
                        {
                          "attributes": [],
                          "children": [
                            {
                              "attributes": [
                                [
                                  "class",
                                  "printable-title",
                                ],
                              ],
                              "children": [
                                {
                                  "type": "text",
                                  "value": "Resilience Is Not Redundancy",
                                },
                              ],
                              "name": "h1",
                              "namespace": "http://www.w3.org/1999/xhtml",
                              "type": "element",
                            },
                            {
                              "attributes": [
                                [
                                  "class",
                                  "printable-excerpt",
                                ],
                              ],
                              "children": [
                                {
                                  "type": "text",
                                  "value": "Resilience is about adaptive systems, not duplicated parts.",
                                },
                              ],
                              "name": "p",
                              "namespace": "http://www.w3.org/1999/xhtml",
                              "type": "element",
                            },
                            {
                              "attributes": [
                                [
                                  "class",
                                  "printable-meta",
                                ],
                              ],
                              "children": [
                                {
                                  "attributes": [],
                                  "children": [
                                    {
                                      "type": "text",
                                      "value": "By Alex Chen",
                                    },
                                  ],
                                  "name": "span",
                                  "namespace": "http://www.w3.org/1999/xhtml",
                                  "type": "element",
                                },
                                {
                                  "attributes": [],
                                  "children": [
                                    {
                                      "type": "text",
                                      "value": "January 15, 2024",
                                    },
                                  ],
                                  "name": "span",
                                  "namespace": "http://www.w3.org/1999/xhtml",
                                  "type": "element",
                                },
                              ],
                              "name": "div",
                              "namespace": "http://www.w3.org/1999/xhtml",
                              "type": "element",
                            },
                          ],
                          "name": "div",
                          "namespace": "http://www.w3.org/1999/xhtml",
                          "type": "element",
                        },
                      ],
                      "name": "header",
                      "namespace": "http://www.w3.org/1999/xhtml",
                      "type": "element",
                    },
                    {
                      "attributes": [
                        [
                          "class",
                          "prose prose-lg max-w-none prose-h1:text-4xl prose-h1:font-bold prose-h1:mb-8 prose-h1:mt-0 prose-h2:text-3xl prose-h2:font-semibold prose-h2:mt-16 prose-h2:mb-6 prose-h2:border-b prose-h2:pb-4 prose-h3:text-2xl prose-h3:font-semibold prose-h3:mt-10 prose-h3:mb-4 prose-p:text-lg prose-p:leading-relaxed prose-p:mb-6 prose-ul:my-6 prose-ul:space-y-3 prose-ol:my-6 prose-ol:space-y-3 prose-li:leading-relaxed prose-code:px-1.5 prose-code:py-0.5 prose-code:rounded prose-code:text-sm prose-code:font-mono prose-pre:rounded-lg prose-pre:my-6 prose-pre:p-4 prose-pre:overflow-x-auto prose-pre:text-sm prose-blockquote:border-l-2 prose-blockquote:border-brand prose-blockquote:pl-6 prose-blockquote:py-2 prose-blockquote:mt-8 prose-blockquote:mb-2 prose-blockquote:text-lg prose-blockquote:leading-relaxed prose-blockquote:font-light prose-blockquote:not-italic prose-hr:my-12 prose-img:rounded-lg prose-img:shadow-md prose-img:my-8 printable-body",
                        ],
                      ],
                      "children": [
                        {
                          "attributes": [],
                          "children": [
                            {
                              "type": "text",
                              "value": "Core idea",
                            },
                          ],
                          "name": "h2",
                          "namespace": "http://www.w3.org/1999/xhtml",
                          "type": "element",
                        },
                        {
                          "type": "text",
                          "value": 
"
"
,
                        },
                        {
                          "attributes": [],
                          "children": [
                            {
                              "type": "text",
                              "value": "Resilience is the capacity to change shape under pressure.",
                            },
                          ],
                          "name": "p",
                          "namespace": "http://www.w3.org/1999/xhtml",
                          "type": "element",
                        },
                        {
                          "type": "text",
                          "value": 
"
"
,
                        },
                      ],
                      "name": "article",
                      "namespace": "http://www.w3.org/1999/xhtml",
                      "type": "element",
                    },
                    {
                      "attributes": [
                        [
                          "class",
                          "printable-footer",
                        ],
                      ],
                      "children": [
                        {
                          "attributes": [],
                          "children": [
                            {
                              "type": "text",
                              "value": "example.com",
                            },
                          ],
                          "name": "span",
                          "namespace": "http://www.w3.org/1999/xhtml",
                          "type": "element",
                        },
                        {
                          "attributes": [
                            [
                              "href",
                              "https://example.com/posts/resilience-is-not-redundancy",
                            ],
                          ],
                          "children": [
                            {
                              "type": "text",
                              "value": "https://example.com/posts/resilience-is-not-redundancy",
                            },
                          ],
                          "name": "a",
                          "namespace": "http://www.w3.org/1999/xhtml",
                          "type": "element",
                        },
                      ],
                      "name": "footer",
                      "namespace": "http://www.w3.org/1999/xhtml",
                      "type": "element",
                    },
                  ],
                  "name": "main",
                  "namespace": "http://www.w3.org/1999/xhtml",
                  "type": "element",
                },
                {
                  "type": "text",
                  "value": 
"
  "
,
                },
              ],
              "name": "div",
              "namespace": "http://www.w3.org/1999/xhtml",
              "type": "element",
            },
            {
              "type": "text",
              "value": 
"

"
,
            },
          ],
          "name": "body",
          "namespace": "http://www.w3.org/1999/xhtml",
          "type": "element",
        },
      ],
      "name": "html",
      "namespace": "http://www.w3.org/1999/xhtml",
      "type": "element",
    },
  ],
  "type": "document",
}
`;
