// Bun Snapshot v1, https://bun.sh/docs/test/snapshots

exports[`widget UI primitives renders validated declarative views with host-owned entity links 1`] = `
{
  "children": [
    {
      "attributes": [
        [
          "class",
          "declarative-workspace operator-view x2lwn1j x186ixgm xdbnglg x1odjw0f x1cb063g",
        ],
        [
          "data-control-engine",
          "css",
        ],
      ],
      "children": [
        {
          "attributes": [
            [
              "class",
              "x78zum5 x1a02dak x1cy8zhl x1qughib x1lblyuz x1l90r2v xlxy82 x1q0q8m5 x1594w68 xeuugli",
            ],
          ],
          "children": [
            {
              "attributes": [
                [
                  "class",
                  "x148vls7 xeuugli",
                ],
              ],
              "children": [
                {
                  "attributes": [
                    [
                      "class",
                      "x1ghz6dp xqvuw85 xssy22x x1m6oxru x1mg0i68 x17owtcr xseu7c4 x5sy3j4 x1f41ap9 xj0a0fe",
                    ],
                  ],
                  "children": [
                    {
                      "type": "text",
                      "value": "Queue <script>alert('nope')</script>",
                    },
                  ],
                  "name": "h2",
                  "namespace": "http://www.w3.org/1999/xhtml",
                  "type": "element",
                },
              ],
              "name": "div",
              "namespace": "http://www.w3.org/1999/xhtml",
              "type": "element",
            },
            {
              "attributes": [
                [
                  "class",
                  "xrvj5dj x4xo5sw x1v2ro7d xeuugli x193iq5w",
                ],
              ],
              "children": [],
              "name": "div",
              "namespace": "http://www.w3.org/1999/xhtml",
              "type": "element",
            },
          ],
          "name": "header",
          "namespace": "http://www.w3.org/1999/xhtml",
          "type": "element",
        },
        {
          "attributes": [
            [
              "class",
              "declarative-blocks xrvj5dj x1jsv65m x7a106z x14i4cvt x1p5oq8j x4jmfmw x62c7l xugsc6q",
            ],
            [
              "data-operator-blocks",
              "",
            ],
          ],
          "children": [
            {
              "attributes": [
                [
                  "class",
                  "operator-block operator-block--table xeuugli x1osaytk",
                ],
                [
                  "data-block",
                  "table",
                ],
                [
                  "data-span",
                  "wide",
                ],
              ],
              "children": [
                {
                  "attributes": [
                    [
                      "class",
                      "declarative-table-scroll operator-table-scroll x193iq5w xeuugli xw2csxc x1lliihq xfsj286 x1a92eo6 x18d9i69 x1yy75ev x1yieemc xsjhqdm x3y8eqj xqwvrdo xosa0jh x1668a04 x1defwea",
                    ],
                  ],
                  "children": [
                    {
                      "attributes": [
                        [
                          "class",
                          "declarative-table operator-table x14atkfc x1j9oiuk x193iq5w x1mwwwfo xgi1xjn xfifm61",
                        ],
                      ],
                      "children": [
                        {
                          "attributes": [],
                          "children": [
                            {
                              "attributes": [],
                              "children": [
                                {
                                  "attributes": [
                                    [
                                      "class",
                                      "xexx8yu xdvlbce x1xpa7k x1s4zo15 x1uhho1l xxakyfl xso031l x1q0q8m5 x1594w68 x1ar3pfp xa9opjo xfmn3hh xk50ysn x1labic3 xtvhhri xuxw1ft x16dsc37 xdpxx8g x1ffr0y8 xpebyx1",
                                    ],
                                    [
                                      "data-align",
                                      "start",
                                    ],
                                  ],
                                  "children": [
                                    {
                                      "type": "text",
                                      "value": "Title",
                                    },
                                  ],
                                  "name": "th",
                                  "namespace": "http://www.w3.org/1999/xhtml",
                                  "type": "element",
                                },
                                {
                                  "attributes": [
                                    [
                                      "class",
                                      "xexx8yu xdvlbce x1xpa7k x1s4zo15 x1uhho1l xxakyfl xso031l x1q0q8m5 x1594w68 x1ar3pfp xa9opjo xfmn3hh xk50ysn x1labic3 xtvhhri xuxw1ft x16dsc37 xdpxx8g x1ffr0y8 xpebyx1",
                                    ],
                                    [
                                      "data-align",
                                      "start",
                                    ],
                                  ],
                                  "children": [
                                    {
                                      "type": "text",
                                      "value": "State",
                                    },
                                  ],
                                  "name": "th",
                                  "namespace": "http://www.w3.org/1999/xhtml",
                                  "type": "element",
                                },
                              ],
                              "name": "tr",
                              "namespace": "http://www.w3.org/1999/xhtml",
                              "type": "element",
                            },
                          ],
                          "name": "thead",
                          "namespace": "http://www.w3.org/1999/xhtml",
                          "type": "element",
                        },
                        {
                          "attributes": [],
                          "children": [
                            {
                              "attributes": [
                                [
                                  "class",
                                  "xf5m44m x1fdxwjo x1kvcy9f xjbqb8w xd8d5gp x1b32d6n x1gnnqk1 x1v17x4h",
                                ],
                              ],
                              "children": [
                                {
                                  "attributes": [
                                    [
                                      "class",
                                      "xz9dl7a xsag5q8 x1xpa7k x1s4zo15 x1uhho1l xxakyfl xso031l x1q0q8m5 xpqg30t xgi1xjn xbd3v37 x4z9k3i xq648tx xo1l8bm xsnqk1y xxymvpz xdpxx8g x1ffr0y8 xpebyx1",
                                    ],
                                    [
                                      "data-align",
                                      "start",
                                    ],
                                  ],
                                  "children": [
                                    {
                                      "attributes": [
                                        [
                                          "class",
                                          "declarative-inline-link operator-inline-link x1717udv xc342km xjbqb8w x1myn341 xjb2p0i x1qlqyl8 x1pd3egz x4gjf66 x16tdsg8 xkrqix3 x1sur9pj xda060z x1ua538i x1ypdohk xj0a0fe x2wh2y9 x1t137rt x9v5kkp x1de99jn x1itw484",
                                        ],
                                        [
                                          "href",
                                          "/studio/entities/bookmark/saved-1",
                                        ],
                                      ],
                                      "children": [
                                        {
                                          "type": "text",
                                          "value": "First",
                                        },
                                      ],
                                      "name": "a",
                                      "namespace": "http://www.w3.org/1999/xhtml",
                                      "type": "element",
                                    },
                                  ],
                                  "name": "td",
                                  "namespace": "http://www.w3.org/1999/xhtml",
                                  "type": "element",
                                },
                                {
                                  "attributes": [
                                    [
                                      "class",
                                      "xz9dl7a xsag5q8 x1xpa7k x1s4zo15 x1uhho1l xxakyfl xso031l x1q0q8m5 xpqg30t xgi1xjn xbd3v37 x4z9k3i xq648tx xo1l8bm xsnqk1y xxymvpz xdpxx8g x1ffr0y8 xpebyx1",
                                    ],
                                    [
                                      "data-align",
                                      "start",
                                    ],
                                  ],
                                  "children": [
                                    {
                                      "type": "text",
                                      "value": "ready",
                                    },
                                  ],
                                  "name": "td",
                                  "namespace": "http://www.w3.org/1999/xhtml",
                                  "type": "element",
                                },
                              ],
                              "name": "tr",
                              "namespace": "http://www.w3.org/1999/xhtml",
                              "type": "element",
                            },
                          ],
                          "name": "tbody",
                          "namespace": "http://www.w3.org/1999/xhtml",
                          "type": "element",
                        },
                      ],
                      "name": "table",
                      "namespace": "http://www.w3.org/1999/xhtml",
                      "type": "element",
                    },
                  ],
                  "name": "div",
                  "namespace": "http://www.w3.org/1999/xhtml",
                  "type": "element",
                },
              ],
              "name": "section",
              "namespace": "http://www.w3.org/1999/xhtml",
              "type": "element",
            },
          ],
          "name": "div",
          "namespace": "http://www.w3.org/1999/xhtml",
          "type": "element",
        },
      ],
      "name": "main",
      "namespace": "http://www.w3.org/1999/xhtml",
      "type": "element",
    },
  ],
  "type": "fragment",
}
`;
