// Bun Snapshot v1, https://bun.sh/docs/test/snapshots

exports[`widget UI primitives renders validated declarative views with host-owned entity links 1`] = `
{
  "children": [
    {
      "attributes": [
        [
          "class",
          "declarative-workspace operator-view x2lwn1j x186ixgm xdbnglg x1odjw0f x1cb063g",
        ],
        [
          "data-control-engine",
          "css",
        ],
      ],
      "children": [
        {
          "attributes": [
            [
              "class",
              "declarative-head",
            ],
          ],
          "children": [
            {
              "attributes": [
                [
                  "class",
                  "declarative-head-copy",
                ],
              ],
              "children": [
                {
                  "attributes": [
                    [
                      "class",
                      "operator-view-title",
                    ],
                  ],
                  "children": [
                    {
                      "type": "text",
                      "value": "Queue <script>alert('nope')</script>",
                    },
                  ],
                  "name": "h2",
                  "namespace": "http://www.w3.org/1999/xhtml",
                  "type": "element",
                },
              ],
              "name": "div",
              "namespace": "http://www.w3.org/1999/xhtml",
              "type": "element",
            },
            {
              "attributes": [
                [
                  "class",
                  "declarative-head-state",
                ],
              ],
              "children": [],
              "name": "div",
              "namespace": "http://www.w3.org/1999/xhtml",
              "type": "element",
            },
          ],
          "name": "header",
          "namespace": "http://www.w3.org/1999/xhtml",
          "type": "element",
        },
        {
          "attributes": [
            [
              "class",
              "declarative-blocks xrvj5dj x1jsv65m x7a106z x14i4cvt x1p5oq8j x4jmfmw",
            ],
          ],
          "children": [
            {
              "attributes": [
                [
                  "class",
                  "operator-block operator-block--table xeuugli x1osaytk",
                ],
                [
                  "data-block",
                  "table",
                ],
                [
                  "data-span",
                  "wide",
                ],
              ],
              "children": [
                {
                  "attributes": [
                    [
                      "class",
                      "declarative-table-scroll operator-table-scroll",
                    ],
                  ],
                  "children": [
                    {
                      "attributes": [
                        [
                          "class",
                          "declarative-table operator-table",
                        ],
                      ],
                      "children": [
                        {
                          "attributes": [],
                          "children": [
                            {
                              "attributes": [],
                              "children": [
                                {
                                  "attributes": [
                                    [
                                      "data-align",
                                      "start",
                                    ],
                                  ],
                                  "children": [
                                    {
                                      "type": "text",
                                      "value": "Title",
                                    },
                                  ],
                                  "name": "th",
                                  "namespace": "http://www.w3.org/1999/xhtml",
                                  "type": "element",
                                },
                                {
                                  "attributes": [
                                    [
                                      "data-align",
                                      "start",
                                    ],
                                  ],
                                  "children": [
                                    {
                                      "type": "text",
                                      "value": "State",
                                    },
                                  ],
                                  "name": "th",
                                  "namespace": "http://www.w3.org/1999/xhtml",
                                  "type": "element",
                                },
                              ],
                              "name": "tr",
                              "namespace": "http://www.w3.org/1999/xhtml",
                              "type": "element",
                            },
                          ],
                          "name": "thead",
                          "namespace": "http://www.w3.org/1999/xhtml",
                          "type": "element",
                        },
                        {
                          "attributes": [],
                          "children": [
                            {
                              "attributes": [],
                              "children": [
                                {
                                  "attributes": [
                                    [
                                      "data-align",
                                      "start",
                                    ],
                                  ],
                                  "children": [
                                    {
                                      "attributes": [
                                        [
                                          "class",
                                          "declarative-inline-link operator-inline-link x1717udv xc342km xjbqb8w x1myn341 xjb2p0i x1qlqyl8 x1pd3egz x4gjf66 x16tdsg8 xkrqix3 x1sur9pj xda060z x1ypdohk xj0a0fe x2wh2y9 x1t137rt x9v5kkp x1de99jn x1itw484",
                                        ],
                                        [
                                          "href",
                                          "/studio/entities/bookmark/saved-1",
                                        ],
                                      ],
                                      "children": [
                                        {
                                          "type": "text",
                                          "value": "First",
                                        },
                                      ],
                                      "name": "a",
                                      "namespace": "http://www.w3.org/1999/xhtml",
                                      "type": "element",
                                    },
                                  ],
                                  "name": "td",
                                  "namespace": "http://www.w3.org/1999/xhtml",
                                  "type": "element",
                                },
                                {
                                  "attributes": [
                                    [
                                      "data-align",
                                      "start",
                                    ],
                                  ],
                                  "children": [
                                    {
                                      "type": "text",
                                      "value": "ready",
                                    },
                                  ],
                                  "name": "td",
                                  "namespace": "http://www.w3.org/1999/xhtml",
                                  "type": "element",
                                },
                              ],
                              "name": "tr",
                              "namespace": "http://www.w3.org/1999/xhtml",
                              "type": "element",
                            },
                          ],
                          "name": "tbody",
                          "namespace": "http://www.w3.org/1999/xhtml",
                          "type": "element",
                        },
                      ],
                      "name": "table",
                      "namespace": "http://www.w3.org/1999/xhtml",
                      "type": "element",
                    },
                  ],
                  "name": "div",
                  "namespace": "http://www.w3.org/1999/xhtml",
                  "type": "element",
                },
              ],
              "name": "section",
              "namespace": "http://www.w3.org/1999/xhtml",
              "type": "element",
            },
          ],
          "name": "div",
          "namespace": "http://www.w3.org/1999/xhtml",
          "type": "element",
        },
      ],
      "name": "main",
      "namespace": "http://www.w3.org/1999/xhtml",
      "type": "element",
    },
  ],
  "type": "fragment",
}
`;
